// Jest Snapshot v1, https://goo.gl/fbAQLP

exports[`<About /> rendered 1`] = `ShallowWrapper {}`;
