// Jest Snapshot v1, https://goo.gl/fbAQLP

exports[`<Category /> rendered 1`] = `ShallowWrapper {}`;
