// Jest Snapshot v1, https://goo.gl/fbAQLP

exports[`<Homepage /> rendered 1`] = `ShallowWrapper {}`;
