// Jest Snapshot v1, https://goo.gl/fbAQLP

exports[`<SignInPage /> rendered 1`] = `ShallowWrapper {}`;
