// Jest Snapshot v1, https://goo.gl/fbAQLP

exports[`<Checkout /> rendered 1`] = `ShallowWrapper {}`;
