// Jest Snapshot v1, https://goo.gl/fbAQLP

exports[`<NotFound /> rendered 1`] = `ShallowWrapper {}`;
