// Jest Snapshot v1, https://goo.gl/fbAQLP

exports[`<Account /> rendered 1`] = `ShallowWrapper {}`;
